// Jest Snapshot v1, https://goo.gl/fbAQLP

exports[`Test MonthPickerComponent should load expected component 1`] = `
<month-picker
  monthPickerService={[Function Object]}
  selectedDate={[Function String]}
>
  <form
    class="container"
    novalidate=""
    style="width: 180px;"
  >
    <div
      class="form-group datepicker"
      style="margin: 0;"
    >
      <input
        autocomplete="off"
        bsdatepicker=""
        class="form-control"
        name="date"
        readonly=""
        style="cursor: pointer; color: black;"
      />
    </div>
  </form>
</month-picker>
`;
