// Jest Snapshot v1, https://goo.gl/fbAQLP

exports[`Test MonthPickerComponent should load expected component 1`] = `
<tenant-picker
  alertService={[Function Object]}
  allCompaniesList={[Function Array]}
  allDomainList={[Function Array]}
  allTenantIdList={[Function Array]}
  commonService={[Function Object]}
  isLoading={[Function Boolean]}
  modalService={[Function BsModalService]}
  searchString=""
  tenantHierarchy={[Function Array]}
  tenantList={[Function Array]}
  tenantListDict={[Function Object]}
>
</tenant-picker>
`;
